This is pdfTeX, Version 3.141592653-2.6-1.40.29 (TeX Live 2026) (preloaded format=pdflatex 2026.8.27)  7 OCT 2026 22:27
entering extended mode
 restricted \write18 enabled.
 %&-line parsing enabled.
**MAK_Resume_LinkedIn.tex
(./MAK_Resume_LinkedIn.tex
LaTeX2e <2026-06-01>
L3 programming layer <2026-08-10>
(c:/texlive/2026/texmf-dist/tex/latex/base/article.cls
Document Class: article 2025/01/22 v1.4n Standard LaTeX document class
(c:/texlive/2026/texmf-dist/tex/latex/base/size11.clo
File: size11.clo 2025/01/22 v1.4n Standard LaTeX file (size option)
)
\c@part=\count276
\c@section=\count277
\c@subsection=\count278
\c@subsubsection=\count279
\c@paragraph=\count280
\c@subparagraph=\count281
\c@figure=\count282
\c@table=\count283
\abovecaptionskip=\skip49
\belowcaptionskip=\skip50
\bibindent=\dimen150
)
(c:/texlive/2026/texmf-dist/tex/latex/base/inputenc.sty
Package: inputenc 2024/02/08 v1.3d Input encoding file
\inpenc@prehook=\toks17
\inpenc@posthook=\toks18
)
(c:/texlive/2026/texmf-dist/tex/latex/base/fontenc.sty
Package: fontenc 2025/07/18 v2.1d Standard LaTeX package
)
(c:/texlive/2026/texmf-dist/tex/latex/psnfss/helvet.sty
Package: helvet 2020/03/25 PSNFSS-v9.3 (WaS) 

(c:/texlive/2026/texmf-dist/tex/latex/graphics/keyval.sty
Package: keyval 2026-05-17 v1.15 key=value parser (DPC)
\KV@toks@=\toks19
))
(c:/texlive/2026/texmf-dist/tex/latex/geometry/geometry.sty
Package: geometry 2026/03/07 v6.0 Page Geometry

(c:/texlive/2026/texmf-dist/tex/generic/iftex/ifvtex.sty
Package: ifvtex 2019/10/25 v1.7 ifvtex legacy package. Use iftex instead.

(c:/texlive/2026/texmf-dist/tex/generic/iftex/iftex.sty
Package: iftex 2024/12/12 v1.0g TeX engine tests
))
\Gm@cnth=\count284
\Gm@cntv=\count285
\c@Gm@tempcnt=\count286
\Gm@bindingoffset=\dimen151
\Gm@wd@mp=\dimen152
\Gm@odd@mp=\dimen153
\Gm@even@mp=\dimen154
\Gm@layoutwidth=\dimen155
\Gm@layoutheight=\dimen156
\Gm@layouthoffset=\dimen157
\Gm@layoutvoffset=\dimen158
\Gm@dimlist=\toks20
)
(c:/texlive/2026/texmf-dist/tex/latex/graphics/graphicx.sty
Package: graphicx 2026-05-17 v1.2e Enhanced LaTeX Graphics (DPC,SPQR)

(c:/texlive/2026/texmf-dist/tex/latex/graphics/graphics.sty
Package: graphics 2026-05-17 v1.4h Standard LaTeX Graphics (DPC,SPQR)

(c:/texlive/2026/texmf-dist/tex/latex/graphics/trig.sty
Package: trig 2023/12/02 v1.11 sin cos tan (DPC)
)
(c:/texlive/2026/texmf-dist/tex/latex/graphics-cfg/graphics.cfg
File: graphics.cfg 2016/06/04 v1.11 sample graphics configuration
)
Package graphics Info: Driver file: pdftex.def on input line 106.

(c:/texlive/2026/texmf-dist/tex/latex/graphics-def/pdftex.def
File: pdftex.def 2025/09/29 v1.2d Graphics/color driver for pdftex
))
\Gin@req@height=\dimen159
\Gin@req@width=\dimen160
)
(c:/texlive/2026/texmf-dist/tex/latex/xcolor/xcolor.sty
Package: xcolor 2024/09/29 v3.02 LaTeX color extensions (UK)

(c:/texlive/2026/texmf-dist/tex/latex/graphics-cfg/color.cfg
File: color.cfg 2016/01/02 v1.6 sample color configuration
)
Package xcolor Info: Driver file: pdftex.def on input line 274.

(c:/texlive/2026/texmf-dist/tex/latex/graphics/mathcolor.ltx)
Package xcolor Info: Model `cmy' substituted by `cmy0' on input line 1349.
Package xcolor Info: Model `hsb' substituted by `rgb' on input line 1353.
Package xcolor Info: Model `RGB' extended on input line 1365.
Package xcolor Info: Model `HTML' substituted by `rgb' on input line 1367.
Package xcolor Info: Model `Hsb' substituted by `hsb' on input line 1368.
Package xcolor Info: Model `tHsb' substituted by `hsb' on input line 1369.
Package xcolor Info: Model `HSB' substituted by `hsb' on input line 1370.
Package xcolor Info: Model `Gray' substituted by `gray' on input line 1371.
Package xcolor Info: Model `wave' substituted by `hsb' on input line 1372.
)
(c:/texlive/2026/texmf-dist/tex/latex/hyperref/hyperref.sty
Package: hyperref 2026-06-17 v7.01r Hypertext links for LaTeX

(c:/texlive/2026/texmf-dist/tex/latex/kvsetkeys/kvsetkeys.sty
Package: kvsetkeys 2022-10-05 v1.19 Key value parser (HO)
)
(c:/texlive/2026/texmf-dist/tex/generic/kvdefinekeys/kvdefinekeys.sty
Package: kvdefinekeys 2019-12-19 v1.6 Define keys (HO)
)
(c:/texlive/2026/texmf-dist/tex/generic/pdfescape/pdfescape.sty
Package: pdfescape 2019/12/09 v1.15 Implements pdfTeX's escape features (HO)

(c:/texlive/2026/texmf-dist/tex/generic/ltxcmds/ltxcmds.sty
Package: ltxcmds 2023-12-04 v1.26 LaTeX kernel commands for general use (HO)
)
(c:/texlive/2026/texmf-dist/tex/generic/pdftexcmds/pdftexcmds.sty
Package: pdftexcmds 2020-06-27 v0.33 Utility functions of pdfTeX for LuaTeX (HO
)

(c:/texlive/2026/texmf-dist/tex/generic/infwarerr/infwarerr.sty
Package: infwarerr 2019/12/03 v1.5 Providing info/warning/error messages (HO)
)
Package pdftexcmds Info: \pdf@primitive is available.
Package pdftexcmds Info: \pdf@ifprimitive is available.
Package pdftexcmds Info: \pdfdraftmode found.
))
(c:/texlive/2026/texmf-dist/tex/latex/hycolor/hycolor.sty
Package: hycolor 2020-01-27 v1.10 Color options for hyperref/bookmark (HO)
)
(c:/texlive/2026/texmf-dist/tex/latex/hyperref/nameref.sty
Package: nameref 2026-01-29 v2.58 Cross-referencing by name of section

(c:/texlive/2026/texmf-dist/tex/latex/refcount/refcount.sty
Package: refcount 2019/12/15 v3.6 Data extraction from label references (HO)
)
(c:/texlive/2026/texmf-dist/tex/generic/gettitlestring/gettitlestring.sty
Package: gettitlestring 2019/12/15 v1.6 Cleanup title references (HO)

(c:/texlive/2026/texmf-dist/tex/latex/kvoptions/kvoptions.sty
Package: kvoptions 2022-06-15 v3.15 Key value format for package options (HO)
))
\c@section@level=\count287
)
(c:/texlive/2026/texmf-dist/tex/latex/etoolbox/etoolbox.sty
Package: etoolbox 2025/10/02 v2.5m e-TeX tools for LaTeX (JAW)
\etb@tempcnta=\count288
)
(c:/texlive/2026/texmf-dist/tex/generic/stringenc/stringenc.sty
Package: stringenc 2019/11/29 v1.12 Convert strings between diff. encodings (HO
)
)
\@linkdim=\dimen161
\Hy@linkcounter=\count289
\Hy@pagecounter=\count290

(c:/texlive/2026/texmf-dist/tex/latex/hyperref/pd1enc.def
File: pd1enc.def 2026-06-17 v7.01r Hyperref: PDFDocEncoding definition (HO)
Now handling font encoding PD1 ...
... no UTF-8 mapping file for font encoding PD1
)
(c:/texlive/2026/texmf-dist/tex/generic/intcalc/intcalc.sty
Package: intcalc 2019/12/15 v1.3 Expandable calculations with integers (HO)
)
\Hy@SavedSpaceFactor=\count291

(c:/texlive/2026/texmf-dist/tex/latex/hyperref/puenc.def
File: puenc.def 2026-06-17 v7.01r Hyperref: PDF Unicode definition (HO)
Now handling font encoding PU ...
... no UTF-8 mapping file for font encoding PU
)
Package hyperref Info: Hyper figures OFF on input line 4199.
Package hyperref Info: Link nesting OFF on input line 4204.
Package hyperref Info: Hyper index ON on input line 4207.
Package hyperref Info: Plain pages OFF on input line 4214.
Package hyperref Info: Backreferencing OFF on input line 4219.
Package hyperref Info: Implicit mode ON; LaTeX internals redefined.
Package hyperref Info: Bookmarks ON on input line 4466.
\c@Hy@tempcnt=\count292

(c:/texlive/2026/texmf-dist/tex/latex/url/url.sty
\Urlmuskip=\muskip17
Package: url 2013/09/16  ver 3.4  Verb mode for urls, etc.
)
LaTeX Info: Redefining \url on input line 4805.
\XeTeXLinkMargin=\dimen162

(c:/texlive/2026/texmf-dist/tex/generic/bitset/bitset.sty
Package: bitset 2019/12/09 v1.3 Handle bit-vector datatype (HO)

(c:/texlive/2026/texmf-dist/tex/generic/bigintcalc/bigintcalc.sty
Package: bigintcalc 2019/12/15 v1.5 Expandable calculations on big integers (HO
)
))
\Fld@menulength=\count293
\Field@Width=\dimen163
\Fld@charsize=\dimen164
Package hyperref Info: Hyper figures OFF on input line 6091.
Package hyperref Info: Link nesting OFF on input line 6096.
Package hyperref Info: Hyper index ON on input line 6099.
Package hyperref Info: backreferencing OFF on input line 6106.
Package hyperref Info: Link coloring OFF on input line 6111.
Package hyperref Info: Link coloring with OCG OFF on input line 6116.
Package hyperref Info: PDF/A mode OFF on input line 6121.
\Hy@abspage=\count294
\c@Item=\count295
\c@Hfootnote=\count296
)
Package hyperref Info: Driver (autodetected): hpdftex.

(c:/texlive/2026/texmf-dist/tex/latex/hyperref/hpdftex.def
File: hpdftex.def 2026-06-17 v7.01r Hyperref driver for pdfTeX
\Fld@listcount=\count297
\c@bookmark@seq@number=\count298

(c:/texlive/2026/texmf-dist/tex/latex/rerunfilecheck/rerunfilecheck.sty
Package: rerunfilecheck 2025-06-21 v1.11 Rerun checks for auxiliary files (HO)

(c:/texlive/2026/texmf-dist/tex/generic/uniquecounter/uniquecounter.sty
Package: uniquecounter 2019/12/15 v1.4 Provide unlimited unique counter (HO)
)
Package uniquecounter Info: New unique counter `rerunfilecheck' on input line 2
84.
)
\Hy@SectionHShift=\skip51
)
(c:/texlive/2026/texmf-dist/tex/latex/tools/tabularx.sty
Package: tabularx 2023/12/11 v2.12a `tabularx' package (DPC)

(c:/texlive/2026/texmf-dist/tex/latex/tools/array.sty
Package: array 2026/02/24 v2.7b Tabular extension package (FMi)
\col@sep=\dimen165
\ar@mcellbox=\box53
\extrarowheight=\dimen166
\NC@list=\toks21
\extratabsurround=\skip52
\backup@length=\skip53
\ar@cellbox=\box54
)
\TX@col@width=\dimen167
\TX@old@table=\dimen168
\TX@old@col=\dimen169
\TX@target=\dimen170
\TX@delta=\dimen171
\TX@cols=\count299
\TX@ftn=\toks22
)
(c:/texlive/2026/texmf-dist/tex/latex/paracol/paracol.sty
Package: paracol 2025/07/14 1.37 typeset columns in parallel
\pcol@currcol=\count300
\pcol@nextcol=\count301
\pcol@ncol=\count302
\pcol@ncolleft=\count303
\pcol@page=\count304
\pcol@basepage=\count305
\pcol@toppage=\count306
\pcol@footnotebase=\count307
\pcol@nfootnotes=\count308
\pcol@mcid=\count309
\pcol@prevdepth=\dimen172
\pcol@colht=\dimen173
\pcol@textfloatsep=\dimen174
\pcol@lrmargin=\dimen175
\pagerim=\dimen176
\pcol@topskip=\skip54
\belowfootnoteskip=\skip55
\pcol@topfnotes=\box55
\pcol@prespan=\box56
\pcol@rightpage=\box57
\pcol@colorstack@saved=\box58
\pcol@tempboxa=\box59
\pcol@tempboxb=\box60
\pcol@colorins=\insert252
\pcol@everyvbox=\toks23
)
(c:/texlive/2026/texmf-dist/tex/latex/enumitem/enumitem.sty
Package: enumitem 2025/02/06 v3.11 Customized lists
\labelindent=\skip56
\enit@outerparindent=\dimen177
\enit@toks=\toks24
\enit@inbox=\box61
\enit@count@id=\count310
\enitdp@description=\count311
)
(c:/texlive/2026/texmf-dist/tex/latex/titlesec/titlesec.sty
Package: titlesec 2025/01/04 v2.17 Sectioning titles
\ttl@box=\box62
\beforetitleunit=\skip57
\aftertitleunit=\skip58
\ttl@plus=\dimen178
\ttl@minus=\dimen179
\ttl@toksa=\toks25
\titlewidth=\dimen180
\titlewidthlast=\dimen181
\titlewidthfirst=\dimen182
)
(c:/texlive/2026/texmf-dist/tex/latex/parskip/parskip.sty
Package: parskip 2021-03-14 v2.0h non-zero parskip adjustments
)
Package hyperref Info: Option `colorlinks' set `true' on input line 31.
LaTeX Font Info:    Trying to load font information for T1+phv on input line 12
4.

(c:/texlive/2026/texmf-dist/tex/latex/psnfss/t1phv.fd
File: t1phv.fd 2020/03/25 scalable font definitions for T1/phv.
)
(c:/texlive/2026/texmf-dist/tex/latex/l3kernel/l3backend-pdftex.def
File: l3backend-pdftex.def 2026-08-10 L3 backend support: PDF output (pdfTeX)
\l__color_backend_stack_int=\count312
)
(./MAK_Resume_LinkedIn.aux)
\openout1 = `MAK_Resume_LinkedIn.aux'.

LaTeX Font Info:    Checking defaults for OML/cmm/m/it on input line 124.
LaTeX Font Info:    ... okay on input line 124.
LaTeX Font Info:    Checking defaults for OMS/cmsy/m/n on input line 124.
LaTeX Font Info:    ... okay on input line 124.
LaTeX Font Info:    Checking defaults for OT1/cmr/m/n on input line 124.
LaTeX Font Info:    ... okay on input line 124.
LaTeX Font Info:    Checking defaults for T1/cmr/m/n on input line 124.
LaTeX Font Info:    ... okay on input line 124.
LaTeX Font Info:    Checking defaults for TS1/cmr/m/n on input line 124.
LaTeX Font Info:    ... okay on input line 124.
LaTeX Font Info:    Checking defaults for OMX/cmex/m/n on input line 124.
LaTeX Font Info:    ... okay on input line 124.
LaTeX Font Info:    Checking defaults for U/cmr/m/n on input line 124.
LaTeX Font Info:    ... okay on input line 124.
LaTeX Font Info:    Checking defaults for PD1/pdf/m/n on input line 124.
LaTeX Font Info:    ... okay on input line 124.
LaTeX Font Info:    Checking defaults for PU/pdf/m/n on input line 124.
LaTeX Font Info:    ... okay on input line 124.

*geometry* driver: auto-detecting
*geometry* detected driver: pdftex
*geometry* verbose mode - [ preamble ] result:
* driver: pdftex
* paper: letterpaper
* layout: <same size as paper>
* layoutoffset:(h,v)=(0.0pt,0.0pt)
* modes: 
* h-part:(L,W,R)=(54.2025pt, 505.89pt, 54.2025pt)
* v-part:(T,H,B)=(54.2025pt, 686.56499pt, 54.2025pt)
* \paperwidth=614.295pt
* \paperheight=794.96999pt
* \textwidth=505.89pt
* \textheight=686.56499pt
* \oddsidemargin=-18.06749pt
* \evensidemargin=-18.06749pt
* \topmargin=-55.06749pt
* \headheight=12.0pt
* \headsep=25.0pt
* \topskip=11.0pt
* \footskip=30.0pt
* \marginparwidth=59.0pt
* \marginparsep=10.0pt
* \columnsep=10.11995pt
* \skip\footins=10.0pt plus 4.0pt minus 2.0pt
* \hoffset=0.0pt
* \voffset=0.0pt
* \mag=1000
* \@twocolumnfalse
* \@twosidefalse
* \@mparswitchfalse
* \@reversemarginfalse
* (1in=72.27pt=25.4mm, 1cm=28.453pt)

(c:/texlive/2026/texmf-dist/tex/context/base/mkii/supp-pdf.mkii
[Loading MPS to PDF converter (version 2006.09.02).]
\scratchcounter=\count313
\scratchdimen=\dimen183
\scratchbox=\box63
\nofMPsegments=\count314
\nofMParguments=\count315
\everyMPshowfont=\toks26
\MPscratchCnt=\count316
\MPscratchDim=\dimen184
\MPnumerator=\count317
\makeMPintoPDFobject=\count318
\everyMPtoPDFconversion=\toks27
) (c:/texlive/2026/texmf-dist/tex/latex/epstopdf-pkg/epstopdf-base.sty
Package: epstopdf-base 2020-01-24 v2.11 Base part for package epstopdf
Package epstopdf-base Info: Redefining graphics rule for `.eps' on input line 4
85.

(c:/texlive/2026/texmf-dist/tex/latex/latexconfig/epstopdf-sys.cfg
File: epstopdf-sys.cfg 2010/07/13 v1.3 Configuration of (r)epstopdf for TeX Liv
e
))
Package hyperref Info: Link coloring ON on input line 124.

(./MAK_Resume_LinkedIn.out) (./MAK_Resume_LinkedIn.out)
\@outlinefile=\write3
\openout3 = `MAK_Resume_LinkedIn.out'.

<assets/qrcode_www.linkedin.com.png, id=4, 451.6875pt x 451.6875pt>
File: assets/qrcode_www.linkedin.com.png Graphic file (type png)
<use assets/qrcode_www.linkedin.com.png>
Package pdftex.def Info: assets/qrcode_www.linkedin.com.png  used on input line
 130.
(pdftex.def)             Requested size: 85.35284pt x 85.35284pt.
LaTeX Font Info:    External font `cmex10' loaded for size
(Font)              <10.95> on input line 131.
LaTeX Font Info:    External font `cmex10' loaded for size
(Font)              <8> on input line 131.
LaTeX Font Info:    External font `cmex10' loaded for size
(Font)              <6> on input line 131.

Overfull \hbox (2.32137pt too wide) in paragraph at lines 127--144
[][]   
 []

<assets/aurelsystems.jpg, id=8, 100.375pt x 100.375pt>
File: assets/aurelsystems.jpg Graphic file (type jpg)
<use assets/aurelsystems.jpg>
Package pdftex.def Info: assets/aurelsystems.jpg  used on input line 161.
(pdftex.def)             Requested size: 34.14389pt x 34.14389pt.

Overfull \hbox (2.32137pt too wide) in paragraph at lines 161--162
[][]   
 []

<assets/ubc-mining.jpg, id=10, 100.375pt x 100.375pt>
File: assets/ubc-mining.jpg Graphic file (type jpg)
<use assets/ubc-mining.jpg>
Package pdftex.def Info: assets/ubc-mining.jpg  used on input line 168.
(pdftex.def)             Requested size: 34.14389pt x 34.14389pt.

Overfull \hbox (2.32137pt too wide) in paragraph at lines 168--169
[][]   
 []

<assets/ubc-chbe.jpg, id=12, 100.375pt x 100.375pt>
File: assets/ubc-chbe.jpg Graphic file (type jpg)
<use assets/ubc-chbe.jpg>
Package pdftex.def Info: assets/ubc-chbe.jpg  used on input line 175.
(pdftex.def)             Requested size: 34.14389pt x 34.14389pt.

Overfull \hbox (2.32137pt too wide) in paragraph at lines 175--176
[][]   
 []

<assets/ul.jpg, id=14, 100.375pt x 100.375pt>
File: assets/ul.jpg Graphic file (type jpg)
<use assets/ul.jpg>
Package pdftex.def Info: assets/ul.jpg  used on input line 182.
(pdftex.def)             Requested size: 34.14389pt x 34.14389pt.

Overfull \hbox (2.32137pt too wide) in paragraph at lines 182--183
[][]   
 []

<assets/skoltech.jpg, id=18, 100.375pt x 100.375pt>
File: assets/skoltech.jpg Graphic file (type jpg)
<use assets/skoltech.jpg>
Package pdftex.def Info: assets/skoltech.jpg  used on input line 189.
(pdftex.def)             Requested size: 34.14389pt x 34.14389pt.

Overfull \hbox (2.32137pt too wide) in paragraph at lines 189--190
[][]   
 []

<assets/cityuhk.jpg, id=20, 100.375pt x 100.375pt>
File: assets/cityuhk.jpg Graphic file (type jpg)
<use assets/cityuhk.jpg>
Package pdftex.def Info: assets/cityuhk.jpg  used on input line 196.
(pdftex.def)             Requested size: 34.14389pt x 34.14389pt.

Overfull \hbox (2.32137pt too wide) in paragraph at lines 196--197
[][]   
 []

[1

{c:/texlive/2026/texmf-var/fonts/map/pdftex/updmap/pdftex.map}{c:/texlive/2026/
texmf-dist/fonts/enc/dvips/base/8r.enc} <./assets/qrcode_www.linkedin.com.png (
PNG copy)> <./assets/aurelsystems.jpg> <./assets/ubc-mining.jpg> <./assets/ubc-
chbe.jpg> <./assets/ul.jpg> <./assets/skoltech.jpg>]
<assets/iopcas.jpg, id=30, 100.375pt x 100.375pt>
File: assets/iopcas.jpg Graphic file (type jpg)
<use assets/iopcas.jpg>
Package pdftex.def Info: assets/iopcas.jpg  used on input line 203.
(pdftex.def)             Requested size: 34.14389pt x 34.14389pt.

Overfull \hbox (2.32137pt too wide) in paragraph at lines 203--204
[][]   
 []

<assets/ripi.jpg, id=33, 100.375pt x 100.375pt>
File: assets/ripi.jpg Graphic file (type jpg)
<use assets/ripi.jpg>
Package pdftex.def Info: assets/ripi.jpg  used on input line 210.
(pdftex.def)             Requested size: 34.14389pt x 34.14389pt.

Overfull \hbox (2.32137pt too wide) in paragraph at lines 210--211
[][]   
 []

<assets/ubc.jpg, id=35, 100.375pt x 100.375pt>
File: assets/ubc.jpg Graphic file (type jpg)
<use assets/ubc.jpg>
Package pdftex.def Info: assets/ubc.jpg  used on input line 218.
(pdftex.def)             Requested size: 34.14389pt x 34.14389pt.

Overfull \hbox (2.32137pt too wide) in paragraph at lines 218--219
[][]   
 []

<assets/ut.jpg, id=37, 100.375pt x 100.375pt>
File: assets/ut.jpg Graphic file (type jpg)
<use assets/ut.jpg>
Package pdftex.def Info: assets/ut.jpg  used on input line 223.
(pdftex.def)             Requested size: 34.14389pt x 34.14389pt.

Overfull \hbox (2.32137pt too wide) in paragraph at lines 223--224
[][]   
 []

File: assets/ut.jpg Graphic file (type jpg)
<use assets/ut.jpg>
Package pdftex.def Info: assets/ut.jpg  used on input line 228.
(pdftex.def)             Requested size: 34.14389pt x 34.14389pt.

Overfull \hbox (2.32137pt too wide) in paragraph at lines 228--229
[][]   
 []

<assets/ubc-mining-ra.jpg, id=40, 481.8pt x 274.02374pt>
File: assets/ubc-mining-ra.jpg Graphic file (type jpg)
<use assets/ubc-mining-ra.jpg>
Package pdftex.def Info: assets/ubc-mining-ra.jpg  used on input line 244.
(pdftex.def)             Requested size: 123.9425pt x 70.49185pt.
LaTeX Font Info:    Trying to load font information for TS1+phv on input line 2
44.
(c:/texlive/2026/texmf-dist/tex/latex/psnfss/ts1phv.fd
File: ts1phv.fd 2020/03/25 scalable font definitions for TS1/phv.
)
File: assets/ubc-mining.jpg Graphic file (type jpg)
<use assets/ubc-mining.jpg>
Package pdftex.def Info: assets/ubc-mining.jpg  used on input line 244.
(pdftex.def)             Requested size: 11.37976pt x 11.37976pt.
 [2 <./assets/cityuhk.jpg> <./assets/iopcas.jpg> <./assets/ripi.jpg> <./assets/
ubc.jpg> <./assets/ut.jpg> <./assets/ubc-mining-ra.jpg>]
<assets/ubc-chbe-ra.jpg, id=47, 481.8pt x 359.3425pt>
File: assets/ubc-chbe-ra.jpg Graphic file (type jpg)
<use assets/ubc-chbe-ra.jpg>
Package pdftex.def Info: assets/ubc-chbe-ra.jpg  used on input line 261.
(pdftex.def)             Requested size: 123.9425pt x 92.43988pt.
File: assets/ubc-chbe.jpg Graphic file (type jpg)
<use assets/ubc-chbe.jpg>
Package pdftex.def Info: assets/ubc-chbe.jpg  used on input line 261.
(pdftex.def)             Requested size: 11.37976pt x 11.37976pt.
<assets/ul-ra.jpg, id=49, 481.8pt x 179.67125pt>
File: assets/ul-ra.jpg Graphic file (type jpg)
<use assets/ul-ra.jpg>
Package pdftex.def Info: assets/ul-ra.jpg  used on input line 277.
(pdftex.def)             Requested size: 123.9425pt x 46.21992pt.

Overfull \hbox (5.30823pt too wide) in paragraph at lines 277--277
[]\T1/phv/m/n/10 Integrated and pro-cessed di-verse sen-sor types in-clud-ing C
CD cam-era feeds (image-
 []


Overfull \hbox (0.34229pt too wide) in paragraph at lines 277--277
\T1/phv/m/n/10 based anal-y-sis), NIR sen-sors (un-la-beled time-series), Ra-ma
n spec-troscopy probes
 []

File: assets/ul.jpg Graphic file (type jpg)
<use assets/ul.jpg>
Package pdftex.def Info: assets/ul.jpg  used on input line 277.
(pdftex.def)             Requested size: 11.37976pt x 11.37976pt.
[3 <./assets/ubc-chbe-ra.jpg> <./assets/ul-ra.jpg>]
<assets/ul-pd.jpg, id=56, 481.8pt x 212.795pt>
File: assets/ul-pd.jpg Graphic file (type jpg)
<use assets/ul-pd.jpg>
Package pdftex.def Info: assets/ul-pd.jpg  used on input line 293.
(pdftex.def)             Requested size: 123.9425pt x 54.74092pt.

Overfull \hbox (0.34038pt too wide) in paragraph at lines 293--293
[]\T1/phv/m/n/10 Evaluated the in-flu-ence of crit-i-cal pro-cess parameters-te
mperature, res-i-dence time,
 []

File: assets/ul.jpg Graphic file (type jpg)
<use assets/ul.jpg>
Package pdftex.def Info: assets/ul.jpg  used on input line 293.
(pdftex.def)             Requested size: 11.37976pt x 11.37976pt.
<assets/skoltech-ra.jpg, id=59, 481.8pt x 183.68625pt>
File: assets/skoltech-ra.jpg Graphic file (type jpg)
<use assets/skoltech-ra.jpg>
Package pdftex.def Info: assets/skoltech-ra.jpg  used on input line 309.
(pdftex.def)             Requested size: 123.9425pt x 47.25278pt.

Overfull \hbox (10.2744pt too wide) in paragraph at lines 309--309
\T1/phv/m/n/10 performance environments-such as aerospace, au-to-mo-tive, min-i
ng, and manufacturing-
 []

File: assets/skoltech.jpg Graphic file (type jpg)
<use assets/skoltech.jpg>
Package pdftex.def Info: assets/skoltech.jpg  used on input line 309.
(pdftex.def)             Requested size: 11.37976pt x 11.37976pt.
[4 <./assets/ul-pd.jpg> <./assets/skoltech-ra.jpg>]
<assets/cityuhk-ra.jpg, id=65, 481.8pt x 180.675pt>
File: assets/cityuhk-ra.jpg Graphic file (type jpg)
<use assets/cityuhk-ra.jpg>
Package pdftex.def Info: assets/cityuhk-ra.jpg  used on input line 324.
(pdftex.def)             Requested size: 123.9425pt x 46.47815pt.
File: assets/cityuhk.jpg Graphic file (type jpg)
<use assets/cityuhk.jpg>
Package pdftex.def Info: assets/cityuhk.jpg  used on input line 324.
(pdftex.def)             Requested size: 11.37976pt x 11.37976pt.
<assets/no-pics.jpg, id=67, 75.28125pt x 75.28125pt>
File: assets/no-pics.jpg Graphic file (type jpg)
<use assets/no-pics.jpg>
Package pdftex.def Info: assets/no-pics.jpg  used on input line 339.
(pdftex.def)             Requested size: 123.9425pt x 123.95482pt.

Overfull \hbox (29.59793pt too wide) in paragraph at lines 339--339
[]\T1/phv/m/n/10 Formulated and im-ple-mented par-tial and or-di-nary dif-fer-e
n-tial equa-tion solvers (PDE/ODE)
 []

File: assets/ut.jpg Graphic file (type jpg)
<use assets/ut.jpg>
Package pdftex.def Info: assets/ut.jpg  used on input line 339.
(pdftex.def)             Requested size: 11.37976pt x 11.37976pt.
[5 <./assets/cityuhk-ra.jpg> <./assets/no-pics.jpg>]
<assets/ripi-intern.jpg, id=73, 481.8pt x 153.57375pt>
File: assets/ripi-intern.jpg Graphic file (type jpg)
<use assets/ripi-intern.jpg>
Package pdftex.def Info: assets/ripi-intern.jpg  used on input line 355.
(pdftex.def)             Requested size: 123.9425pt x 39.50642pt.

Overfull \hbox (1.1428pt too wide) in paragraph at lines 355--355
[]\T1/phv/m/n/10 Designed, sim-u-lated, and op-ti-mized a sep-a-ra-tion pro-ces
s in As-pen HYSYS, achiev-
 []

File: assets/ripi.jpg Graphic file (type jpg)
<use assets/ripi.jpg>
Package pdftex.def Info: assets/ripi.jpg  used on input line 355.
(pdftex.def)             Requested size: 11.37976pt x 11.37976pt.
<assets/ut-bsc.jpg, id=75, 481.8pt x 175.65625pt>
File: assets/ut-bsc.jpg Graphic file (type jpg)
<use assets/ut-bsc.jpg>
Package pdftex.def Info: assets/ut-bsc.jpg  used on input line 371.
(pdftex.def)             Requested size: 123.9425pt x 45.18709pt.

Overfull \hbox (1.1643pt too wide) in paragraph at lines 371--371
\T1/phv/b/n/12 Simulation and Cost Eval-u-a-tion of Hot Sec-tion of BIPC Olefin
 Plant 
 []


Overfull \hbox (3.34839pt too wide) in paragraph at lines 371--371
\T1/phv/m/n/10 Used As-pen Hysys and As-pen Plus to eval-u-ate retrofitting of 
in-dus-trial scale petroleum
 []

File: assets/ut.jpg Graphic file (type jpg)
<use assets/ut.jpg>
Package pdftex.def Info: assets/ut.jpg  used on input line 371.
(pdftex.def)             Requested size: 11.37976pt x 11.37976pt.

Overfull \vbox (10.8486pt too high) has occurred while \output is active []


[6 <./assets/ripi-intern.jpg> <./assets/ut-bsc.jpg>]
<assets/gibbsreactor.jpg, id=81, 481.8pt x 362.35374pt>
File: assets/gibbsreactor.jpg Graphic file (type jpg)
<use assets/gibbsreactor.jpg>
Package pdftex.def Info: assets/gibbsreactor.jpg  used on input line 381.
(pdftex.def)             Requested size: 123.9425pt x 93.21451pt.
<assets/psd.jpg, id=82, 481.8pt x 236.885pt>
File: assets/psd.jpg Graphic file (type jpg)
<use assets/psd.jpg>
Package pdftex.def Info: assets/psd.jpg  used on input line 388.
(pdftex.def)             Requested size: 123.9425pt x 60.93802pt.
<assets/nanochannel.jpg, id=83, 481.8pt x 238.8925pt>
File: assets/nanochannel.jpg Graphic file (type jpg)
<use assets/nanochannel.jpg>
Package pdftex.def Info: assets/nanochannel.jpg  used on input line 395.
(pdftex.def)             Requested size: 123.9425pt x 61.45444pt.

Overfull \hbox (18.65755pt too wide) in paragraph at lines 395--395
\T1/phv/m/n/10 An in-ter-ac-tive browser-based tool for para-met-ric de-sign an
d 3D vi-su-al-iza-tion of nanochan-
 []

<assets/routmapper.jpg, id=84, 481.8pt x 235.88126pt>
File: assets/routmapper.jpg Graphic file (type jpg)
<use assets/routmapper.jpg>
Package pdftex.def Info: assets/routmapper.jpg  used on input line 402.
(pdftex.def)             Requested size: 123.9425pt x 60.67981pt.
<assets/biketrainer.jpg, id=85, 481.8pt x 227.85126pt>
File: assets/biketrainer.jpg Graphic file (type jpg)
<use assets/biketrainer.jpg>
Package pdftex.def Info: assets/biketrainer.jpg  used on input line 418.
(pdftex.def)             Requested size: 123.9425pt x 58.6141pt.
[7 <./assets/gibbsreactor.jpg> <./assets/psd.jpg> <./assets/nanochannel.jpg> <.
/assets/routmapper.jpg> <./assets/biketrainer.jpg>] [8]
(./MAK_Resume_LinkedIn.aux)
 ***********
LaTeX2e <2026-06-01>
L3 programming layer <2026-08-10>
 ***********
Package rerunfilecheck Info: File `MAK_Resume_LinkedIn.out' has not changed.
(rerunfilecheck)             Checksum: D41D8CD98F00B204E9800998ECF8427E;0.
 ) 
Here is how much of TeX's memory you used:
 11442 strings out of 469046
 179098 string characters out of 5458512
 621651 words of memory out of 5000000
 40393 multiletter control sequences out of 15000+600000
 658488 words of font info for 70 fonts, out of 8000000 for 9000
 36 hyphenation exceptions out of 8191
 74i,6n,79p,1208b,774s stack positions out of 10000i,1000n,20000p,200000b,200000s
<c:/texlive/2026/texmf-dist/fonts/type1/public/amsfonts/cm/cmsy10.pfb><c:/tex
live/2026/texmf-dist/fonts/type1/urw/helvetic/uhvb8a.pfb><c:/texlive/2026/texmf
-dist/fonts/type1/urw/helvetic/uhvr8a.pfb>
Output written on MAK_Resume_LinkedIn.pdf (8 pages, 315733 bytes).
PDF statistics:
 115 PDF objects out of 1000 (max. 8388607)
 73 compressed objects within 1 object stream
 9 named destinations out of 1000 (max. 500000)
 126 words of extra memory for PDF output out of 10000 (max. 10000000)

